
> rest-express@1.0.0 check
> tsc

client/src/components/dashboard/NotificationBell.tsx(8,5): error TS2724: '"@/components/ui/dropdown-menu"' has no exported member named 'DropdownMenuHeader'. Did you mean 'DropdownMenu'?
client/src/components/RoleSwitcher.tsx(41,12): error TS2678: Type '"SUBJECT_HEAD"' is not comparable to type 'UserRole'.
client/src/components/RoleSwitcher.tsx(93,30): error TS2345: Argument of type 'string' is not assignable to parameter of type 'UserRole'.
client/src/contexts/SocketContext.tsx(3,20): error TS7016: Could not find a declaration file for module 'sockjs-client'. 'C:/Users/kunda/Downloads/updatedCFM/updatedCFM-main/CFM_FRONTED/node_modules/sockjs-client/lib/entry.js' implicitly has an 'any' type.
  Try `npm i --save-dev @types/sockjs-client` if it exists or add a new declaration (.d.ts) file containing `declare module 'sockjs-client';`
client/src/pages/auth/AuthContext.tsx(2,9): error TS2304: Cannot find name 'User'.
client/src/pages/auth/AuthContext.tsx(7,27): error TS2304: Cannot find name 'useState'.
client/src/pages/auth/AuthContext.tsx(7,36): error TS2304: Cannot find name 'User'.
client/src/pages/auth/AuthContext.tsx(8,33): error TS2304: Cannot find name 'useState'.
client/src/pages/auth/AuthContext.tsx(10,3): error TS2304: Cannot find name 'useEffect'.
client/src/pages/auth/AuthContext.tsx(39,6): error TS2304: Cannot find name 'AuthContext'.
client/src/pages/auth/AuthContext.tsx(46,9): error TS18004: No value exists in scope for the shorthand property 'getRoleBasedRedirect'. Either declare one or provide an initializer.
client/src/pages/auth/AuthContext.tsx(50,7): error TS2304: Cannot find name 'AuthContext'.
